HTML_TYPE_NAME | name |  | 
HTML_TYPE_EMAIL | email |  | 
HTML_TYPE_ADDRESS_LEVEL2 | city |  | 
UNKNOWN_TYPE | malicious |  | 
